iï¿½Jï¿½ï¿½Ñ¹esp32s3: Boot ï¿½ESP-ROM:esp32s3-20210327
Build:Mar 27 2021
rst:0x1 (POWERON),boot:0xb (SPI_FAST_FLASH_BOOT)
SPIWP:0xee
mode:DIO, clock div:1
load:0x3fce2810,len:0x15a0
load:0x403c8700,len:0x4
load:0x403c8704,len:0xd20
load:0x403cb700,len:0x2f00
entry 0x403c8928
[0;32mI (27) boot: ESP-IDF v5.4.1-dirty 2nd stage bootloader[0m
[0;32mI (27) boot: compile time Jul  2 2025 11:22:50[0m
[0;32mI (27) boot: Multicore bootloader[0m
[0;32mI (28) boot: chip revision: v0.2[0m
[0;32mI (30) boot: efuse block revision: v1.3[0m
[0;32mI (34) boot.esp32s3: Boot SPI Speed : 80MHz[0m
[0;32mI (38) boot.esp32s3: SPI Mode       : DIO[0m
[0;32mI (42) boot.esp32s3: SPI Flash Size : 16MB[0m
[0;32mI (45) boot: Enabling RNG early entropy source...[0m
[0;32mI (50) boot: Partition Table:[0m
[0;32mI (52) boot: ## Label            Usage          Type ST Offset   Length[0m
[0;32mI (59) boot:  0 nvs              WiFi data        01 02 00009000 00004000[0m
[0;32mI (65) boot:  1 otadata          OTA data         01 00 0000d000 00002000[0m
[0;32mI (72) boot:  2 phy_init         RF data          01 01 0000f000 00001000[0m
[0;32mI (78) boot:  3 factory          factory app      00 00 00010000 00100000[0m
[0;32mI (85) boot:  4 ota_0            OTA app          00 10 00110000 00100000[0m
[0;32mI (91) boot:  5 ota_1            OTA app          00 11 00210000 00100000[0m
[0;32mI (98) boot: End of partition table[0m
[0;32mI (101) boot: Defaulting to factory image[0m
[0;32mI (105) esp_image: segment 0: paddr=00010020 vaddr=3c0c0020 size=25414h (152596) map[0m
[0;32mI (139) esp_image: segment 1: paddr=0003543c vaddr=3fc9ae00 size=04a44h ( 19012) load[0m
[0;32mI (143) esp_image: segment 2: paddr=00039e88 vaddr=40374000 size=06190h ( 24976) load[0m
[0;32mI (149) esp_image: segment 3: paddr=00040020 vaddr=42000020 size=b320ch (733708) map[0m
[0;32mI (280) esp_image: segment 4: paddr=000f3234 vaddr=4037a190 size=10bd0h ( 68560) load[0m
[0;32mI (295) esp_image: segment 5: paddr=00103e0c vaddr=600fe100 size=0001ch (    28) load[0m
[0;32mI (304) boot: Loaded app from partition at offset 0x10000[0m
[0;32mI (304) boot: Disabling RNG early entropy source...[0m
[0;32mI (315) cpu_start: Multicore app[0m
[0;32mI (324) cpu_start: Pro cpu start user code[0m
[0;32mI (324) cpu_start: cpu freq: 160000000 Hz[0m
[0;32mI (324) app_init: Application information:[0m
[0;32mI (324) app_init: Project name:     esp_app[0m
[0;32mI (328) app_init: App version:      448c54b-dirty[0m
[0;32mI (332) app_init: Compile time:     Jul  2 2025 11:22:14[0m
[0;32mI (337) app_init: ELF file SHA256:  557f3bf90...[0m
[0;32mI (341) app_init: ESP-IDF:          v5.4.1-dirty[0m
[0;32mI (346) efuse_init: Min chip rev:     v0.0[0m
[0;32mI (350) efuse_init: Max chip rev:     v0.99 [0m
[0;32mI (354) efuse_init: Chip rev:         v0.2[0m
[0;32mI (357) heap_init: Initializing. RAM available for dynamic allocation:[0m
[0;32mI (364) heap_init: At 3FCA3EF8 len 00045818 (278 KiB): RAM[0m
[0;32mI (369) heap_init: At 3FCE9710 len 00005724 (21 KiB): RAM[0m
[0;32mI (374) heap_init: At 3FCF0000 len 00008000 (32 KiB): DRAM[0m
[0;32mI (379) heap_init: At 600FE11C len 00001ECC (7 KiB): RTCRAM[0m
[0;32mI (386) spi_flash: detected chip: boya[0m
[0;32mI (388) spi_flash: flash io: dio[0m
[0;32mI (391) sleep_gpio: Configure to isolate all GPIO pins in sleep state[0m
[0;32mI (397) sleep_gpio: Enable automatic switching of GPIO sleep configuration[0m
[0;32mI (404) main_task: Started on CPU0[0m
[0;32mI (444) main_task: Calling app_main()[0m
[0;32mI (464) ESP_APP: STM32 Bootloader with MQTT starting...[0m
[0;32mI (464) GPIO: GPIO Initialization![0m
[0;32mI (464) ESP_APP: UART initialized[0m
[0;32mI (464) NVS: WiFi credentials found. SSID: Rnd, connecting......[0m
[0;32mI (474) NVS: From nvs ssid is Rnd [0m
[0;32mI (474) NVS: From nvs password is nikhil8182[0m
[0;32mI (474) WIFI_HANDLER: wifi ssid Rnd password nikhil8182[0m
[0;32mI (484) WIFI: Hostname set to Onwords-4ltc01[0m
[0;32mI (484) pp: pp rom version: e7ae62f[0m
[0;32mI (484) net80211: net80211 rom version: e7ae62f[0m
[0;32mI (504) wifi:wifi driver task: 3fcb29e8, prio:23, stack:6656, core=0[0m
[0;32mI (514) wifi:wifi firmware version: 79fa3f41ba[0m
[0;32mI (514) wifi:wifi certification version: v7.0[0m
[0;32mI (514) wifi:config NVS flash: enabled[0m
[0;32mI (514) wifi:config nano formatting: disabled[0m
[0;32mI (514) wifi:Init data frame dynamic rx buffer num: 32[0m
[0;32mI (524) wifi:Init static rx mgmt buffer num: 5[0m
[0;32mI (524) wifi:Init management short buffer num: 32[0m
[0;32mI (524) wifi:Init dynamic tx buffer num: 32[0m
[0;32mI (534) wifi:Init static tx FG buffer num: 2[0m
[0;32mI (534) wifi:Init static rx buffer size: 1600[0m
[0;32mI (544) wifi:Init static rx buffer num: 10[0m
[0;32mI (544) wifi:Init dynamic rx buffer num: 32[0m
[0;32mI (544) wifi_init: rx ba win: 6[0m
[0;32mI (554) wifi_init: accept mbox: 6[0m
[0;32mI (554) wifi_init: tcpip mbox: 32[0m
[0;32mI (554) wifi_init: udp mbox: 6[0m
[0;32mI (564) wifi_init: tcp mbox: 6[0m
[0;32mI (564) wifi_init: tcp tx win: 5760[0m
[0;32mI (564) wifi_init: tcp rx win: 5760[0m
[0;32mI (564) wifi_init: tcp mss: 1440[0m
[0;32mI (574) wifi_init: WiFi IRAM OP enabled[0m
[0;32mI (574) wifi_init: WiFi RX IRAM OP enabled[0m
[0;33mW (584) wifi:Password length matches WPA2 standards, authmode threshold changes from OPEN to WPA2[0m
[0;32mI (584) phy_init: phy_version 700,8582a7fd,Feb 10 2025,20:13:11[0m
[0;32mI (634) wifi:mode : sta (cc:8d:a2:0c:e2:20)[0m
[0;32mI (634) wifi:enable tsf[0m
[0;32mI (634) WIFI_HANDLER: wifi_init_sta finished.[0m
[0;32mI (644) wifi:new:<10,0>, old:<1,0>, ap:<255,255>, sta:<10,0>, prof:1, snd_ch_cfg:0x0[0m
[0;32mI (644) wifi:state: init -> auth (0xb0)[0m
[0;32mI (644) wifi:state: auth -> assoc (0x0)[0m
[0;32mI (694) wifi:state: assoc -> init (0x2c0)[0m
[0;32mI (704) wifi:new:<10,0>, old:<10,0>, ap:<255,255>, sta:<10,0>, prof:1, snd_ch_cfg:0x0[0m
[0;32mI (704) WIFI_HANDLER: retry to connect to the AP[0m
[0;32mI (704) WIFI_HANDLER: connect to the AP fail[0m
[0;32mI (3114) WIFI_HANDLER: retry to connect to the AP[0m
[0;32mI (3114) WIFI_HANDLER: connect to the AP fail[0m
[0;32mI (3114) wifi:new:<10,0>, old:<10,0>, ap:<255,255>, sta:<10,0>, prof:1, snd_ch_cfg:0x0[0m
[0;32mI (3124) wifi:state: init -> auth (0xb0)[0m
[0;32mI (3134) wifi:state: auth -> assoc (0x0)[0m
[0;32mI (3144) wifi:state: assoc -> run (0x10)[0m
[0;32mI (3174) wifi:connected with Rnd, aid = 4, channel 10, BW20, bssid = 3c:64:cf:a6:cf:96[0m
[0;32mI (3174) wifi:security: WPA2-PSK, phy: bgn, rssi: -58[0m
[0;32mI (3174) wifi:pm start, type: 1[0m

[0;32mI (3174) wifi:dp: 1, bi: 102400, li: 3, scale listen interval from 307200 us to 307200 us[0m
[0;32mI (3184) wifi:set rx beacon pti, rx_bcn_pti: 0, bcn_timeout: 25000, mt_pti: 0, mt_time: 10000[0m
[0;32mI (3264) wifi:AP's beacon interval = 102400 us, DTIM period = 1[0m
[0;32mI (4214) esp_netif_handlers: sta ip: 192.168.1.227, mask: 255.255.255.0, gw: 192.168.1.1[0m
[0;32mI (4214) WIFI_HANDLER: got ip:192.168.1.227[0m
[0;32mI (4214) WIFI_HANDLER: got ip:192.168.1.227[0m
[0;32mI (4214) WIFI_HANDLER: connected to ap SSID:Rnd password:nikhil8182 rssi value : -58[0m
[0;32mI (4224) MQTT_HANDLER: Other event id:7[0m
[0;32mI (4224) main_task: Returned from app_main()[0m
[0;32mI (4234) wifi:<ba-add>idx:0 (ifx:0, 3c:64:cf:a6:cf:96), tid:0, ssn:0, winSize:64[0m
[0;32mI (4664) MQTT_HANDLER: MQTT_SERVER_CONNECTED[0m
[0;32mI (4714) MQTT_HANDLER: MQTT_EVENT_SUBSCRIBED, msg_id=19534[0m
[0;32mI (4764) MQTT_HANDLER: MQTT_EVENT_SUBSCRIBED, msg_id=34251[0m
[0;32mI (4764) MQTT_HANDLER: MQTT_EVENT_SUBSCRIBED, msg_id=28980[0m
[0;32mI (4764) MQTT_HANDLER: MQTT_EVENT_SUBSCRIBED, msg_id=6106[0m
[0;32mI (4774) MQTT_HANDLER: MQTT_EVENT_SUBSCRIBED, msg_id=62194[0m
[0;32mI (4774) MQTT_HANDLER: MQTT_EVENT_SUBSCRIBED, msg_id=52774[0m
[0;32mI (4774) MQTT_HANDLER: MQTT_EVENT_PUBLISHED, msg_id=5564[0m
[0;32mI (4784) MQTT_HANDLER: MQTT_EVENT_DATA[0m
[0;32mI (4784) MQTT_HANDLER: TOPIC=onwords/4ltc01/currentStatus[0m
[0;32mI (4784) MQTT_HANDLER: DATA={[0m
	"status":	"Connected",
	"message":	"Device connected with Mqtt Broker"
}
[0;32mI (111894) UART_CONFIG: Received byte: 0x57[0m
[0;32mI (111894) UART_CONFIG: DEVICE_3 command received[0m
[0;32mI (112894) UART_CONFIG: Received byte: 0x58[0m
[0;32mI (112894) UART_CONFIG: DEVICE_4 command received[0m
[0;32mI (114034) UART_CONFIG: Received byte: 0x56[0m
[0;32mI (114034) UART_CONFIG: DEVICE_2 command received[0m
[0;32mI (114494) UART_CONFIG: Received byte: 0x55[0m
[0;32mI (114494) UART_CONFIG: DEVICE_1 command received[0m
[0;32mI (115234) UART_CONFIG: Received byte: 0x55[0m
[0;32mI (115234) UART_CONFIG: DEVICE_1 command received[0m
[0;32mI (115864) UART_CONFIG: Received byte: 0x56[0m
[0;32mI (115864) UART_CONFIG: DEVICE_2 command received[0m
[0;32mI (116624) UART_CONFIG: Received byte: 0x57[0m
[0;32mI (116624) UART_CONFIG: DEVICE_3 command received[0m
[0;32mI (117204) UART_CONFIG: Received byte: 0x58[0m
[0;32mI (117204) UART_CONFIG: DEVICE_4 command received[0m
