ï¿½RBï¿½ï¿½Jï¿½ï¿½Ñ¹esp32s3: Bï¿½ESP-ROM:esp32s3-20210327
Build:Mar 27 2021
rst:0x1 (POWERON),boot:0xa (SPI_FAST_FLASH_BOOT)
SPIWP:0xee
mode:DIO, clock div:1
load:0x3fce2810,len:0x15a0
load:0x403c8700,len:0x4
load:0x403c8704,len:0xd20
load:0x403cb700,len:0x2f00
entry 0x403c8928
[0;32mI (27) boot: ESP-IDF v5.4.1-dirty 2nd stage bootloader[0m
[0;32mI (27) boot: compile time Jul  2 2025 11:22:50[0m
[0;32mI (27) boot: Multicore bootloader[0m
[0;32mI (28) boot: chip revision: v0.2[0m
[0;32mI (30) boot: efuse block revision: v1.3[0m
[0;32mI (34) boot.esp32s3: Boot SPI Speed : 80MHz[0m
[0;32mI (38) boot.esp32s3: SPI Mode       : DIO[0m
[0;32mI (42) boot.esp32s3: SPI Flash Size : 16MB[0m
[0;32mI (45) boot: Enabling RNG early entropy source...[0m
[0;32mI (50) boot: Partition Table:[0m
[0;32mI (52) boot: ## Label            Usage          Type ST Offset   Length[0m
[0;32mI (59) boot:  0 nvs              WiFi data        01 02 00009000 00004000[0m
[0;32mI (65) boot:  1 otadata          OTA data         01 00 0000d000 00002000[0m
[0;32mI (72) boot:  2 phy_init         RF data          01 01 0000f000 00001000[0m
[0;32mI (78) boot:  3 factory          factory app      00 00 00010000 00100000[0m
[0;32mI (85) boot:  4 ota_0            OTA app          00 10 00110000 00100000[0m
[0;32mI (91) boot:  5 ota_1            OTA app          00 11 00210000 00100000[0m
[0;32mI (98) boot: End of partition table[0m
[0;32mI (101) boot: Defaulting to factory image[0m
[0;32mI (105) esp_image: segment 0: paddr=00010020 vaddr=3c0c0020 size=25414h (152596) map[0m
[0;32mI (139) esp_image: segment 1: paddr=0003543c vaddr=3fc9ae00 size=04a44h ( 19012) load[0m
[0;32mI (143) esp_image: segment 2: paddr=00039e88 vaddr=40374000 size=06190h ( 24976) load[0m
[0;32mI (149) esp_image: segment 3: paddr=00040020 vaddr=42000020 size=b3210h (733712) map[0m
[0;32mI (280) esp_image: segment 4: paddr=000f3238 vaddr=4037a190 size=10bd0h ( 68560) load[0m
[0;32mI (295) esp_image: segment 5: paddr=00103e10 vaddr=600fe100 size=0001ch (    28) load[0m
[0;32mI (304) boot: Loaded app from partition at offset 0x10000[0m
[0;32mI (304) boot: Disabling RNG early entropy source...[0m
[0;32mI (315) cpu_start: Multicore app[0m
[0;32mI (324) cpu_start: Pro cpu start user code[0m
[0;32mI (324) cpu_start: cpu freq: 160000000 Hz[0m
[0;32mI (324) app_init: Application information:[0m
[0;32mI (324) app_init: Project name:     esp_app[0m
[0;32mI (328) app_init: App version:      448c54b-dirty[0m
[0;32mI (332) app_init: Compile time:     Jul  2 2025 11:22:14[0m
[0;32mI (337) app_init: ELF file SHA256:  6490dfe99...[0m
[0;32mI (341) app_init: ESP-IDF:          v5.4.1-dirty[0m
[0;32mI (346) efuse_init: Min chip rev:     v0.0[0m
[0;32mI (350) efuse_init: Max chip rev:     v0.99 [0m
[0;32mI (354) efuse_init: Chip rev:         v0.2[0m
[0;32mI (357) heap_init: Initializing. RAM available for dynamic allocation:[0m
[0;32mI (364) heap_init: At 3FCA3EF8 len 00045818 (278 KiB): RAM[0m
[0;32mI (369) heap_init: At 3FCE9710 len 00005724 (21 KiB): RAM[0m
[0;32mI (374) heap_init: At 3FCF0000 len 00008000 (32 KiB): DRAM[0m
[0;32mI (379) heap_init: At 600FE11C len 00001ECC (7 KiB): RTCRAM[0m
[0;32mI (386) spi_flash: detected chip: boya[0m
[0;32mI (388) spi_flash: flash io: dio[0m
[0;32mI (391) sleep_gpio: Configure to isolate all GPIO pins in sleep state[0m
[0;32mI (397) sleep_gpio: Enable automatic switching of GPIO sleep configuration[0m
[0;32mI (404) main_task: Started on CPU0[0m
[0;32mI (444) main_task: Calling app_main()[0m
[0;32mI (454) ESP_APP: STM32 Bootloader with MQTT starting...[0m
[0;32mI (454) GPIO: GPIO Initialization![0m
[0;32mI (454) ESP_APP: UART initialized[0m
[0;32mI (454) NVS: WiFi credentials found. SSID: , connecting......[0m
[0;32mI (454) ESP_APP: WiFi credentials not found, starting SoftAP + HTTP Server...[0m
[0;32mI (6464) pp: pp rom version: e7ae62f[0m
[0;32mI (6464) net80211: net80211 rom version: e7ae62f[0m
[0;32mI (6474) wifi:wifi driver task: 3fcb28f0, prio:23, stack:6656, core=0[0m
[0;32mI (6474) wifi:wifi firmware version: 79fa3f41ba[0m
[0;32mI (6474) wifi:wifi certification version: v7.0[0m
[0;32mI (6474) wifi:config NVS flash: enabled[0m
[0;32mI (6474) wifi:config nano formatting: disabled[0m
[0;32mI (6484) wifi:Init data frame dynamic rx buffer num: 32[0m
[0;32mI (6484) wifi:Init static rx mgmt buffer num: 5[0m
[0;32mI (6494) wifi:Init management short buffer num: 32[0m
[0;32mI (6494) wifi:Init dynamic tx buffer num: 32[0m
[0;32mI (6494) wifi:Init static tx FG buffer num: 2[0m
[0;32mI (6504) wifi:Init static rx buffer size: 1600[0m
[0;32mI (6504) wifi:Init static rx buffer num: 10[0m
[0;32mI (6514) wifi:Init dynamic rx buffer num: 32[0m
[0;32mI (6514) wifi_init: rx ba win: 6[0m
[0;32mI (6514) wifi_init: accept mbox: 6[0m
[0;32mI (6524) wifi_init: tcpip mbox: 32[0m
[0;32mI (6524) wifi_init: udp mbox: 6[0m
[0;32mI (6524) wifi_init: tcp mbox: 6[0m
[0;32mI (6534) wifi_init: tcp tx win: 5760[0m
[0;32mI (6534) wifi_init: tcp rx win: 5760[0m
[0;32mI (6534) wifi_init: tcp mss: 1440[0m
[0;32mI (6544) wifi_init: WiFi IRAM OP enabled[0m
[0;32mI (6544) wifi_init: WiFi RX IRAM OP enabled[0m
[0;32mI (6544) phy_init: phy_version 700,8582a7fd,Feb 10 2025,20:13:11[0m
[0;32mI (6594) wifi:mode : softAP (cc:8d:a2:0c:e2:21)[0m
[0;32mI (6594) wifi:Total power save buffer number: 16[0m
[0;32mI (6594) wifi:Init max length of beacon: 752/752[0m
[0;32mI (6604) wifi:Init max length of beacon: 752/752[0m
[0;32mI (6604) HTTP: SoftAP started with SSID: onwords-4ltc01[0m
[0;32mI (6604) esp_netif_lwip: DHCP server started on interface WIFI_AP_DEF with IP: 192.168.4.1[0m
[0;32mI (6614) HTTP: HTTP Server started at 192.168.4.1:8182[0m
[0;32mI (6624) main_task: Returned from app_main()[0m
[0;32mI (84094) wifi:new:<1,0>, old:<1,1>, ap:<1,1>, sta:<255,255>, prof:1, snd_ch_cfg:0x0[0m
[0;32mI (84094) wifi:station: 6c:24:a6:c7:20:a9 join, AID=1, bgn, 20[0m
[0;32mI (84224) wifi:<ba-add>idx:2 (ifx:1, 6c:24:a6:c7:20:a9), tid:0, ssn:0, winSize:64[0m
[0;32mI (84284) esp_netif_lwip: DHCP server assigned IP to a client, IP is: 192.168.4.2[0m
[0;32mI (84964) HTTP: Received JSON: {"ssid":"Rnd","password":"nikhil8182"}[0m
[0;32mI (84974) NVS: Stored SSID: Rnd and Password.[0m
[0;32mI (85974) wifi:station: 6c:24:a6:c7:20:a9 leave, AID = 1, reason = 2, bss_flags is 33721443, bss:0x3fca6bf0[0m
[0;32mI (85974) wifi:new:<1,0>, old:<1,0>, ap:<1,1>, sta:<255,255>, prof:1, snd_ch_cfg:0x0[0m
[0;32mI (85974) wifi:<ba-del>idx:2, tid:0[0m
[0;32mI (86044) wifi:flush txq[0m
[0;32mI (86044) wifi:stop sw txq[0m
[0;32mI (86044) wifi:lmac stop hw txq[0m
ESP-ROM:esp32s3-20210327
Build:Mar 27 2021
rst:0xc (RTC_SW_CPU_RST),boot:0xa (SPI_FAST_FLASH_BOOT)
Saved PC:0x40375c60
SPIWP:0xee
mode:DIO, clock div:1
load:0x3fce2810,len:0x15a0
load:0x403c8700,len:0x4
load:0x403c8704,len:0xd20
load:0x403cb700,len:0x2f00
entry 0x403c8928
[0;32mI (31) boot: ESP-IDF v5.4.1-dirty 2nd stage bootloader[0m
[0;32mI (31) boot: compile time Jul  2 2025 11:22:50[0m
[0;32mI (31) boot: Multicore bootloader[0m
[0;32mI (32) boot: chip revision: v0.2[0m
[0;32mI (35) boot: efuse block revision: v1.3[0m
[0;32mI (38) boot.esp32s3: Boot SPI Speed : 80MHz[0m
[0;32mI (42) boot.esp32s3: SPI Mode       : DIO[0m
[0;32mI (46) boot.esp32s3: SPI Flash Size : 16MB[0m
[0;32mI (50) boot: Enabling RNG early entropy source...[0m
[0;32mI (54) boot: Partition Table:[0m
[0;32mI (57) boot: ## Label            Usage          Type ST Offset   Length[0m
[0;32mI (63) boot:  0 nvs              WiFi data        01 02 00009000 00004000[0m
[0;32mI (70) boot:  1 otadata          OTA data         01 00 0000d000 00002000[0m
[0;32mI (76) boot:  2 phy_init         RF data          01 01 0000f000 00001000[0m
[0;32mI (83) boot:  3 factory          factory app      00 00 00010000 00100000[0m
[0;32mI (89) boot:  4 ota_0            OTA app          00 10 00110000 00100000[0m
[0;32mI (96) boot:  5 ota_1            OTA app          00 11 00210000 00100000[0m
[0;32mI (102) boot: End of partition table[0m
[0;32mI (106) boot: Defaulting to factory image[0m
[0;32mI (109) esp_image: segment 0: paddr=00010020 vaddr=3c0c0020 size=25414h (152596) map[0m
[0;32mI (144) esp_image: segment 1: paddr=0003543c vaddr=3fc9ae00 size=04a44h ( 19012) load[0m
[0;32mI (148) esp_image: segment 2: paddr=00039e88 vaddr=40374000 size=06190h ( 24976) load[0m
[0;32mI (154) esp_image: segment 3: paddr=00040020 vaddr=42000020 size=b3210h (733712) map[0m
[0;32mI (285) esp_image: segment 4: paddr=000f3238 vaddr=4037a190 size=10bd0h ( 68560) load[0m
[0;32mI (300) esp_image: segment 5: paddr=00103e10 vaddr=600fe100 size=0001ch (    28) load[0m
[0;32mI (309) boot: Loaded app from partition at offset 0x10000[0m
[0;32mI (309) boot: Disabling RNG early entropy source...[0m
[0;32mI (319) cpu_start: Multicore app[0m
[0;32mI (328) cpu_start: Pro cpu start user code[0m
[0;32mI (328) cpu_start: cpu freq: 160000000 Hz[0m
[0;32mI (328) app_init: Application information:[0m
[0;32mI (328) app_init: Project name:     esp_app[0m
[0;32mI (332) app_init: App version:      448c54b-dirty[0m
[0;32mI (337) app_init: Compile time:     Jul  2 2025 11:22:14[0m
[0;32mI (342) app_init: ELF file SHA256:  6490dfe99...[0m
[0;32mI (346) app_init: ESP-IDF:          v5.4.1-dirty[0m
[0;32mI (350) efuse_init: Min chip rev:     v0.0[0m
[0;32mI (354) efuse_init: Max chip rev:     v0.99 [0m
[0;32mI (358) efuse_init: Chip rev:         v0.2[0m
[0;32mI (362) heap_init: Initializing. RAM available for dynamic allocation:[0m
[0;32mI (368) heap_init: At 3FCA3EF8 len 00045818 (278 KiB): RAM[0m
[0;32mI (373) heap_init: At 3FCE9710 len 00005724 (21 KiB): RAM[0m
[0;32mI (378) heap_init: At 3FCF0000 len 00008000 (32 KiB): DRAM[0m
[0;32mI (384) heap_init: At 600FE11C len 00001ECC (7 KiB): RTCRAM[0m
[0;32mI (390) spi_flash: detected chip: boya[0m
[0;32mI (392) spi_flash: flash io: dio[0m
[0;32mI (396) sleep_gpio: Configure to isolate all GPIO pins in sleep state[0m
[0;32mI (402) sleep_gpio: Enable automatic switching of GPIO sleep configuration[0m
[0;32mI (409) main_task: Started on CPU0[0m
[0;32mI (449) main_task: Calling app_main()[0m
[0;32mI (459) ESP_APP: STM32 Bootloader with MQTT starting...[0m
[0;32mI (459) GPIO: GPIO Initialization![0m
[0;32mI (459) ESP_APP: UART initialized[0m
[0;32mI (459) NVS: WiFi credentials found. SSID: Rnd, connecting......[0m
[0;32mI (469) NVS: From nvs ssid is Rnd [0m
[0;32mI (469) NVS: From nvs password is nikhil8182[0m
[0;32mI (469) WIFI_HANDLER: wifi ssid Rnd password nikhil8182[0m
[0;32mI (479) WIFI: Hostname set to Onwords-4ltc01[0m
[0;32mI (479) pp: pp rom version: e7ae62f[0m
[0;32mI (489) net80211: net80211 rom version: e7ae62f[0m
[0;32mI (499) wifi:wifi driver task: 3fcb28e0, prio:23, stack:6656, core=0[0m
[0;32mI (499) wifi:wifi firmware version: 79fa3f41ba[0m
[0;32mI (499) wifi:wifi certification version: v7.0[0m
[0;32mI (499) wifi:config NVS flash: enabled[0m
[0;32mI (509) wifi:config nano formatting: disabled[0m
[0;32mI (509) wifi:Init data frame dynamic rx buffer num: 32[0m
[0;32mI (519) wifi:Init static rx mgmt buffer num: 5[0m
[0;32mI (519) wifi:Init management short buffer num: 32[0m
[0;32mI (519) wifi:Init dynamic tx buffer num: 32[0m
[0;32mI (529) wifi:Init static tx FG buffer num: 2[0m
[0;32mI (529) wifi:Init static rx buffer size: 1600[0m
[0;32mI (539) wifi:Init static rx buffer num: 10[0m
[0;32mI (539) wifi:Init dynamic rx buffer num: 32[0m
[0;32mI (549) wifi_init: rx ba win: 6[0m
[0;32mI (549) wifi_init: accept mbox: 6[0m
[0;32mI (549) wifi_init: tcpip mbox: 32[0m
[0;32mI (549) wifi_init: udp mbox: 6[0m
[0;32mI (559) wifi_init: tcp mbox: 6[0m
[0;32mI (559) wifi_init: tcp tx win: 5760[0m
[0;32mI (559) wifi_init: tcp rx win: 5760[0m
[0;32mI (569) wifi_init: tcp mss: 1440[0m
[0;32mI (569) wifi_init: WiFi IRAM OP enabled[0m
[0;32mI (569) wifi_init: WiFi RX IRAM OP enabled[0m
[0;33mW (579) wifi:Password length matches WPA2 standards, authmode threshold changes from OPEN to WPA2[0m
[0;32mI (609) phy_init: phy_version 700,8582a7fd,Feb 10 2025,20:13:11[0m
[0;32mI (649) phy_init: Saving new calibration data due to checksum failure or outdated calibration data, mode(0)[0m
[0;32mI (669) wifi:mode : sta (cc:8d:a2:0c:e2:20)[0m
[0;32mI (669) wifi:enable tsf[0m
[0;32mI (669) WIFI_HANDLER: wifi_init_sta finished.[0m
[0;32mI (2219) wifi:new:<10,0>, old:<1,0>, ap:<255,255>, sta:<10,0>, prof:1, snd_ch_cfg:0x0[0m
[0;32mI (2219) wifi:state: init -> auth (0xb0)[0m
[0;32mI (2229) wifi:state: auth -> assoc (0x0)[0m
[0;32mI (2239) wifi:state: assoc -> run (0x10)[0m
[0;32mI (2269) wifi:connected with Rnd, aid = 2, channel 10, BW20, bssid = 3c:64:cf:a6:cf:96[0m
[0;32mI (2269) wifi:security: WPA2-PSK, phy: bgn, rssi: -60[0m
[0;32mI (2279) wifi:pm start, type: 1[0m

[0;32mI (2279) wifi:dp: 1, bi: 102400, li: 3, scale listen interval from 307200 us to 307200 us[0m
[0;32mI (2279) wifi:set rx beacon pti, rx_bcn_pti: 0, bcn_timeout: 25000, mt_pti: 0, mt_time: 10000[0m
[0;32mI (2359) wifi:AP's beacon interval = 102400 us, DTIM period = 1[0m
[0;32mI (9829) esp_netif_handlers: sta ip: 192.168.1.228, mask: 255.255.255.0, gw: 192.168.1.1[0m
[0;32mI (9829) WIFI_HANDLER: got ip:192.168.1.228[0m
[0;32mI (9829) WIFI_HANDLER: got ip:192.168.1.228[0m
[0;32mI (9829) WIFI_HANDLER: connected to ap SSID:Rnd password:nikhil8182 rssi value : -56[0m
[0;32mI (9839) MQTT_HANDLER: Other event id:7[0m
[0;32mI (9839) main_task: Returned from app_main()[0m
[0;32mI (9859) wifi:<ba-add>idx:0 (ifx:0, 3c:64:cf:a6:cf:96), tid:0, ssn:0, winSize:64[0m
[0;32mI (10259) MQTT_HANDLER: MQTT_SERVER_CONNECTED[0m
[0;32mI (10319) MQTT_HANDLER: MQTT_EVENT_SUBSCRIBED, msg_id=368[0m
[0;32mI (10369) MQTT_HANDLER: MQTT_EVENT_SUBSCRIBED, msg_id=43738[0m
[0;32mI (10369) MQTT_HANDLER: MQTT_EVENT_SUBSCRIBED, msg_id=15498[0m
[0;32mI (10379) MQTT_HANDLER: MQTT_EVENT_SUBSCRIBED, msg_id=22017[0m
[0;32mI (10379) MQTT_HANDLER: MQTT_EVENT_SUBSCRIBED, msg_id=40188[0m
[0;32mI (10379) MQTT_HANDLER: MQTT_EVENT_SUBSCRIBED, msg_id=38537[0m
[0;32mI (10389) MQTT_HANDLER: MQTT_EVENT_PUBLISHED, msg_id=43966[0m
[0;32mI (10389) MQTT_HANDLER: MQTT_EVENT_DATA[0m
[0;32mI (10389) MQTT_HANDLER: TOPIC=onwords/4ltc01/currentStatus[0m
[0;32mI (10399) MQTT_HANDLER: DATA={[0m
	"status":	"Connected",
	"message":	"Device connected with Mqtt Broker"
}
[0;32mI (46029) MQTT_HANDLER: MQTT_EVENT_DATA[0m
[0;32mI (46029) MQTT_HANDLER: TOPIC=onwords/4ltc01/getCurrentStatus[0m
[0;32mI (46029) MQTT_HANDLER: DATA={"request":"getCurrentStatus"}[0m
[0;32mI (127089) MQTT_HANDLER: MQTT_EVENT_DATA[0m
[0;32mI (127089) MQTT_HANDLER: TOPIC=onwords/4ltc01/firmwareStm[0m
[0;32mI (127089) MQTT_HANDLER: DATA={"firmware_sts": 1, "firmwareUrl": "http://13.127.193.192/ota/files/4LTC/STM32_DISPLAY_APP_20250701_164305.bin/"}[0m
[0;32mI (127099) MQTT_HANDLER: Firmware update requested: http://13.127.193.192/ota/files/4LTC/STM32_DISPLAY_APP_20250701_164305.bin/[0m
[0;32mI (127109) MQTT_HANDLER: firmware update request : 1[0m
[0;32mI (127459) ESP_APP: Processing firmware update request[0m
[0;32mI (127459) ESP_APP: Cancelling uart receive task before OTA[0m
[0;32mI (127559) UART_CONFIG: UART RX task exiting[0m
[0;33mW (127609) uart: GPIO 17 is not usable, maybe used by others[0m
[0;33mW (127609) uart: GPIO 18 is not usable, maybe used by others[0m
[0;32mI (127609) ESP_APP: Starting STM32 firmware update process[0m
[0;32mI (127619) HTTP_HANDLER: Downloading firmware from: http://13.127.193.192/ota/files/4LTC/STM32_DISPLAY_APP_20250701_164305.bin/[0m
[0;32mI (127669) HTTP_HANDLER: HTTP_EVENT_ON_CONNECTED[0m
[0;32mI (127679) MQTT_HANDLER: MQTT_EVENT_PUBLISHED, msg_id=1082[0m
[0;32mI (127729) HTTP_HANDLER: Firmware size: 39164 bytes[0m
[0;32mI (127729) HTTP_HANDLER: Allocated download buffer: 39164 bytes for 39164 byte firmware[0m
[0;32mI (128029) HTTP_HANDLER: HTTP download completed. Total bytes: 39164/39164[0m
[0;32mI (128029) HTTP_HANDLER: HTTP_EVENT_DISCONNECTED[0m
[0;32mI (128029) HTTP_HANDLER: Firmware download completed successfully. Size: 39164 bytes[0m
[1;31mE (128039) uart: UART driver already installed[0m
ESP_ERROR_CHECK failed: esp_err_t 0xffffffff (ESP_FAIL) at 0x4200f9aa
file: "./main/src/uart_config.c" line 35
func: uart_reinit
expression: uart_driver_install(UART_PORT_NUM, UART_BUF_SIZE * 2, 0, 0, NULL, 0)

abort() was called at PC 0x4037d5af on core 1


Backtrace: 0x40375d21:0x3fcaef20 0x4037d5b9:0x3fcaef40 0x403858ed:0x3fcaef60 0x4037d5af:0x3fcaefd0 0x4200f9aa:0x3fcaf000 0x4200ed5d:0x3fcaf040 0x4200e6b9:0x3fcaf1b0 0x4200e752:0x3fcaf1d0 0x4037e0c5:0x3fcaf200




ELF file SHA256: 6490dfe99

Rebooting...
ï¿½ï¿½ï¿½ESP-ROM:esp32s3-20210327
Build:Mar 27 2021
rst:0xc (RTC_SW_CPU_RST),boot:0xa (SPI_FAST_FLASH_BOOT)
Saved PC:0x4037ae2a
SPIWP:0xee
mode:DIO, clock div:1
load:0x3fce2810,len:0x15a0
load:0x403c8700,len:0x4
load:0x403c8704,len:0xd20
load:0x403cb700,len:0x2f00
entry 0x403c8928
[0;32mI (31) boot: ESP-IDF v5.4.1-dirty 2nd stage bootloader[0m
[0;32mI (31) boot: compile time Jul  2 2025 11:22:50[0m
[0;32mI (31) boot: Multicore bootloader[0m
[0;32mI (32) boot: chip revision: v0.2[0m
[0;32mI (35) boot: efuse block revision: v1.3[0m
[0;32mI (38) boot.esp32s3: Boot SPI Speed : 80MHz[0m
[0;32mI (42) boot.esp32s3: SPI Mode       : DIO[0m
[0;32mI (46) boot.esp32s3: SPI Flash Size : 16MB[0m
[0;32mI (50) boot: Enabling RNG early entropy source...[0m
[0;32mI (54) boot: Partition Table:[0m
[0;32mI (57) boot: ## Label            Usage          Type ST Offset   Length[0m
[0;32mI (63) boot:  0 nvs              WiFi data        01 02 00009000 00004000[0m
[0;32mI (70) boot:  1 otadata          OTA data         01 00 0000d000 00002000[0m
[0;32mI (76) boot:  2 phy_init         RF data          01 01 0000f000 00001000[0m
[0;32mI (83) boot:  3 factory          factory app      00 00 00010000 00100000[0m
[0;32mI (89) boot:  4 ota_0            OTA app          00 10 00110000 00100000[0m
[0;32mI (96) boot:  5 ota_1            OTA app          00 11 00210000 00100000[0m
[0;32mI (102) boot: End of partition table[0m
[0;32mI (106) boot: Defaulting to factory image[0m
[0;32mI (109) esp_image: segment 0: paddr=00010020 vaddr=3c0c0020 size=25414h (152596) map[0m
[0;32mI (144) esp_image: segment 1: paddr=0003543c vaddr=3fc9ae00 size=04a44h ( 19012) load[0m
[0;32mI (148) esp_image: segment 2: paddr=00039e88 vaddr=40374000 size=06190h ( 24976) load[0m
[0;32mI (154) esp_image: segment 3: paddr=00040020 vaddr=42000020 size=b3210h (733712) map[0m
[0;32mI (285) esp_image: segment 4: paddr=000f3238 vaddr=4037a190 size=10bd0h ( 68560) load[0m
[0;32mI (300) esp_image: segment 5: paddr=00103e10 vaddr=600fe100 size=0001ch (    28) load[0m
[0;32mI (310) boot: Loaded app from partition at offset 0x10000[0m
[0;32mI (310) boot: Disabling RNG early entropy source...[0m
[0;32mI (320) cpu_start: Multicore app[0m
[0;32mI (329) cpu_start: Pro cpu start user code[0m
[0;32mI (329) cpu_start: cpu freq: 160000000 Hz[0m
[0;32mI (329) app_init: Application information:[0m
[0;32mI (329) app_init: Project name:     esp_app[0m
[0;32mI (333) app_init: App version:      448c54b-dirty[0m
[0;32mI (337) app_init: Compile time:     Jul  2 2025 11:22:14[0m
[0;32mI (342) app_init: ELF file SHA256:  6490dfe99...[0m
[0;32mI (347) app_init: ESP-IDF:          v5.4.1-dirty[0m
[0;32mI (351) efuse_init: Min chip rev:     v0.0[0m
[0;32mI (355) efuse_init: Max chip rev:     v0.99 [0m
[0;32mI (359) efuse_init: Chip rev:         v0.2[0m
[0;32mI (363) heap_init: Initializing. RAM available for dynamic allocation:[0m
[0;32mI (369) heap_init: At 3FCA3EF8 len 00045818 (278 KiB): RAM[0m
[0;32mI (374) heap_init: At 3FCE9710 len 00005724 (21 KiB): RAM[0m
[0;32mI (379) heap_init: At 3FCF0000 len 00008000 (32 KiB): DRAM[0m
[0;32mI (385) heap_init: At 600FE11C len 00001ECC (7 KiB): RTCRAM[0m
[0;32mI (391) spi_flash: detected chip: boya[0m
[0;32mI (393) spi_flash: flash io: dio[0m
[0;32mI (397) sleep_gpio: Configure to isolate all GPIO pins in sleep state[0m
[0;32mI (403) sleep_gpio: Enable automatic switching of GPIO sleep configuration[0m
[0;32mI (410) main_task: Started on CPU0[0m
[0;32mI (450) main_task: Calling app_main()[0m
[0;32mI (470) ESP_APP: STM32 Bootloader with MQTT starting...[0m
[0;32mI (470) GPIO: GPIO Initialization![0m
[0;32mI (470) ESP_APP: UART initialized[0m
[0;32mI (470) NVS: WiFi credentials found. SSID: Rnd, connecting......[0m
[0;32mI (480) NVS: From nvs ssid is Rnd [0m
[0;32mI (480) NVS: From nvs password is nikhil8182[0m
[0;32mI (480) WIFI_HANDLER: wifi ssid Rnd password nikhil8182[0m
[0;32mI (490) WIFI: Hostname set to Onwords-4ltc01[0m
[0;32mI (490) pp: pp rom version: e7ae62f[0m
[0;32mI (490) net80211: net80211 rom version: e7ae62f[0m
[0;32mI (510) wifi:wifi driver task: 3fcb29e8, prio:23, stack:6656, core=0[0m
[0;32mI (520) wifi:wifi firmware version: 79fa3f41ba[0m
[0;32mI (520) wifi:wifi certification version: v7.0[0m
[0;32mI (520) wifi:config NVS flash: enabled[0m
[0;32mI (520) wifi:config nano formatting: disabled[0m
[0;32mI (520) wifi:Init data frame dynamic rx buffer num: 32[0m
[0;32mI (530) wifi:Init static rx mgmt buffer num: 5[0m
[0;32mI (530) wifi:Init management short buffer num: 32[0m
[0;32mI (530) wifi:Init dynamic tx buffer num: 32[0m
[0;32mI (540) wifi:Init static tx FG buffer num: 2[0m
[0;32mI (540) wifi:Init static rx buffer size: 1600[0m
[0;32mI (550) wifi:Init static rx buffer num: 10[0m
[0;32mI (550) wifi:Init dynamic rx buffer num: 32[0m
[0;32mI (550) wifi_init: rx ba win: 6[0m
[0;32mI (560) wifi_init: accept mbox: 6[0m
[0;32mI (560) wifi_init: tcpip mbox: 32[0m
[0;32mI (560) wifi_init: udp mbox: 6[0m
[0;32mI (570) wifi_init: tcp mbox: 6[0m
[0;32mI (570) wifi_init: tcp tx win: 5760[0m
[0;32mI (570) wifi_init: tcp rx win: 5760[0m
[0;32mI (570) wifi_init: tcp mss: 1440[0m
[0;32mI (580) wifi_init: WiFi IRAM OP enabled[0m
[0;32mI (580) wifi_init: WiFi RX IRAM OP enabled[0m
[0;33mW (590) wifi:Password length matches WPA2 standards, authmode threshold changes from OPEN to WPA2[0m
[0;32mI (590) phy_init: phy_version 700,8582a7fd,Feb 10 2025,20:13:11[0m
[0;32mI (640) phy_init: Saving new calibration data due to checksum failure or outdated calibration data, mode(0)[0m
[0;32mI (710) wifi:mode : sta (cc:8d:a2:0c:e2:20)[0m
[0;32mI (710) wifi:enable tsf[0m
[0;32mI (710) WIFI_HANDLER: wifi_init_sta finished.[0m
[0;32mI (720) wifi:new:<10,0>, old:<1,0>, ap:<255,255>, sta:<10,0>, prof:1, snd_ch_cfg:0x0[0m
[0;32mI (720) wifi:state: init -> auth (0xb0)[0m
[0;32mI (730) wifi:state: auth -> assoc (0x0)[0m
[0;32mI (750) wifi:state: assoc -> init (0x2c0)[0m
[0;32mI (760) wifi:new:<10,0>, old:<10,0>, ap:<255,255>, sta:<10,0>, prof:1, snd_ch_cfg:0x0[0m
[0;32mI (760) WIFI_HANDLER: retry to connect to the AP[0m
[0;32mI (760) WIFI_HANDLER: connect to the AP fail[0m
[0;32mI (3170) WIFI_HANDLER: retry to connect to the AP[0m
[0;32mI (3170) WIFI_HANDLER: connect to the AP fail[0m
[0;32mI (3180) wifi:new:<10,0>, old:<10,0>, ap:<255,255>, sta:<10,0>, prof:1, snd_ch_cfg:0x0[0m
[0;32mI (3180) wifi:state: init -> auth (0xb0)[0m
[0;32mI (3190) wifi:state: auth -> assoc (0x0)[0m
[0;32mI (3200) wifi:state: assoc -> run (0x10)[0m
[0;32mI (3220) wifi:connected with Rnd, aid = 2, channel 10, BW20, bssid = 3c:64:cf:a6:cf:96[0m
[0;32mI (3230) wifi:security: WPA2-PSK, phy: bgn, rssi: -50[0m
[0;32mI (3230) wifi:pm start, type: 1[0m

[0;32mI (3230) wifi:dp: 1, bi: 102400, li: 3, scale listen interval from 307200 us to 307200 us[0m
[0;32mI (3240) wifi:set rx beacon pti, rx_bcn_pti: 0, bcn_timeout: 25000, mt_pti: 0, mt_time: 10000[0m
[0;32mI (3360) wifi:AP's beacon interval = 102400 us, DTIM period = 1[0m
[0;32mI (3780) wifi:<ba-add>idx:0 (ifx:0, 3c:64:cf:a6:cf:96), tid:0, ssn:0, winSize:64[0m
[0;32mI (4270) esp_netif_handlers: sta ip: 192.168.1.228, mask: 255.255.255.0, gw: 192.168.1.1[0m
[0;32mI (4270) WIFI_HANDLER: got ip:192.168.1.228[0m
[0;32mI (4270) WIFI_HANDLER: got ip:192.168.1.228[0m
[0;32mI (4270) WIFI_HANDLER: connected to ap SSID:Rnd password:nikhil8182 rssi value : -50[0m
[0;32mI (4280) MQTT_HANDLER: Other event id:7[0m
[0;32mI (4280) main_task: Returned from app_main()[0m
[0;32mI (4680) MQTT_HANDLER: MQTT_SERVER_CONNECTED[0m
[0;32mI (4730) MQTT_HANDLER: MQTT_EVENT_SUBSCRIBED, msg_id=6800[0m
[0;32mI (4770) MQTT_HANDLER: MQTT_EVENT_SUBSCRIBED, msg_id=45061[0m
[0;32mI (4770) MQTT_HANDLER: MQTT_EVENT_SUBSCRIBED, msg_id=9316[0m
[0;32mI (4770) MQTT_HANDLER: MQTT_EVENT_SUBSCRIBED, msg_id=44777[0m
[0;32mI (4780) MQTT_HANDLER: MQTT_EVENT_SUBSCRIBED, msg_id=57419[0m
[0;32mI (4780) MQTT_HANDLER: MQTT_EVENT_SUBSCRIBED, msg_id=53163[0m
[0;32mI (4790) MQTT_HANDLER: MQTT_EVENT_PUBLISHED, msg_id=38171[0m
[0;32mI (4790) MQTT_HANDLER: MQTT_EVENT_DATA[0m
[0;32mI (4790) MQTT_HANDLER: TOPIC=onwords/4ltc01/currentStatus[0m
[0;32mI (4800) MQTT_HANDLER: DATA={[0m
	"status":	"Connected",
	"message":	"Device connected with Mqtt Broker"
}
