ï¿½Lij
[0;32mI (34) boot.esp32s3: Boot SPI Sï¿½ESP-ROM:esp32s3-20210327[0m
Build:Mar 27 2021
rst:0x1 (POWERON),boot:0xb (SPI_FAST_FLASH_BOOT)
SPIWP:0xee
mode:DIO, clock div:1
load:0x3fce2810,len:0x15a0
load:0x403c8700,len:0x4
load:0x403c8704,len:0xd20
load:0x403cb700,len:0x2f00
entry 0x403c8928
[0;32mI (27) boot: ESP-IDF v5.4.1-dirty 2nd stage bootloader[0m
[0;32mI (27) boot: compile time Jul  2 2025 11:22:50[0m
[0;32mI (27) boot: Multicore bootloader[0m
[0;32mI (28) boot: chip revision: v0.2[0m
[0;32mI (30) boot: efuse block revision: v1.3[0m
[0;32mI (34) boot.esp32s3: Boot SPI Speed : 80MHz[0m
[0;32mI (38) boot.esp32s3: SPI Mode       : DIO[0m
[0;32mI (42) boot.esp32s3: SPI Flash Size : 16MB[0m
[0;32mI (45) boot: Enabling RNG early entropy source...[0m
[0;32mI (50) boot: Partition Table:[0m
[0;32mI (52) boot: ## Label            Usage          Type ST Offset   Length[0m
[0;32mI (59) boot:  0 nvs              WiFi data        01 02 00009000 00004000[0m
[0;32mI (65) boot:  1 otadata          OTA data         01 00 0000d000 00002000[0m
[0;32mI (72) boot:  2 phy_init         RF data          01 01 0000f000 00001000[0m
[0;32mI (78) boot:  3 factory          factory app      00 00 00010000 00100000[0m
[0;32mI (85) boot:  4 ota_0            OTA app          00 10 00110000 00100000[0m
[0;32mI (91) boot:  5 ota_1            OTA app          00 11 00210000 00100000[0m
[0;32mI (98) boot: End of partition table[0m
[0;32mI (101) boot: Defaulting to factory image[0m
[0;32mI (105) esp_image: segment 0: paddr=00010020 vaddr=3c0c0020 size=25414h (152596) map[0m
[0;32mI (139) esp_image: segment 1: paddr=0003543c vaddr=3fc9ae00 size=04a44h ( 19012) load[0m
[0;32mI (143) esp_image: segment 2: paddr=00039e88 vaddr=40374000 size=06190h ( 24976) load[0m
[0;32mI (149) esp_image: segment 3: paddr=00040020 vaddr=42000020 size=b3210h (733712) map[0m
[0;32mI (280) esp_image: segment 4: paddr=000f3238 vaddr=4037a190 size=10bd0h ( 68560) load[0m
[0;32mI (295) esp_image: segment 5: paddr=00103e10 vaddr=600fe100 size=0001ch (    28) load[0m
[0;32mI (304) boot: Loaded app from partition at offset 0x10000[0m
[0;32mI (304) boot: Disabling RNG early entropy source...[0m
[0;32mI (315) cpu_start: Multicore app[0m
[0;32mI (324) cpu_start: Pro cpu start user code[0m
[0;32mI (324) cpu_start: cpu freq: 160000000 Hz[0m
[0;32mI (324) app_init: Application information:[0m
[0;32mI (324) app_init: Project name:     esp_app[0m
[0;32mI (328) app_init: App version:      448c54b-dirty[0m
[0;32mI (332) app_init: Compile time:     Jul  2 2025 11:22:14[0m
[0;32mI (337) app_init: ELF file SHA256:  6490dfe99...[0m
[0;32mI (341) app_init: ESP-IDF:          v5.4.1-dirty[0m
[0;32mI (346) efuse_init: Min chip rev:     v0.0[0m
[0;32mI (350) efuse_init: Max chip rev:     v0.99 [0m
[0;32mI (354) efuse_init: Chip rev:         v0.2[0m
[0;32mI (357) heap_init: Initializing. RAM available for dynamic allocation:[0m
[0;32mI (364) heap_init: At 3FCA3EF8 len 00045818 (278 KiB): RAM[0m
[0;32mI (369) heap_init: At 3FCE9710 len 00005724 (21 KiB): RAM[0m
[0;32mI (374) heap_init: At 3FCF0000 len 00008000 (32 KiB): DRAM[0m
[0;32mI (379) heap_init: At 600FE11C len 00001ECC (7 KiB): RTCRAM[0m
[0;32mI (386) spi_flash: detected chip: boya[0m
[0;32mI (388) spi_flash: flash io: dio[0m
[0;32mI (391) sleep_gpio: Configure to isolate all GPIO pins in sleep state[0m
[0;32mI (397) sleep_gpio: Enable automatic switching of GPIO sleep configuration[0m
[0;32mI (404) main_task: Started on CPU0[0m
[0;32mI (444) main_task: Calling app_main()[0m
[0;32mI (454) ESP_APP: STM32 Bootloader with MQTT starting...[0m
[0;32mI (454) GPIO: GPIO Initialization![0m
[0;33mW (454) NVS: PID not found, default used[0m
[0;32mI (454) ESP_APP: UART initialized[0m
[0;32mI (454) ESP_APP: WiFi credentials not found, starting SoftAP + HTTP Server...[0m
[0;32mI (6464) pp: pp rom version: e7ae62f[0m
[0;32mI (6464) net80211: net80211 rom version: e7ae62f[0m
[0;32mI (6474) wifi:wifi driver task: 3fcb28cc, prio:23, stack:6656, core=0[0m
[0;32mI (6474) wifi:wifi firmware version: 79fa3f41ba[0m
[0;32mI (6474) wifi:wifi certification version: v7.0[0m
[0;32mI (6474) wifi:config NVS flash: enabled[0m
[0;32mI (6474) wifi:config nano formatting: disabled[0m
[0;32mI (6484) wifi:Init data frame dynamic rx buffer num: 32[0m
[0;32mI (6484) wifi:Init static rx mgmt buffer num: 5[0m
[0;32mI (6494) wifi:Init management short buffer num: 32[0m
[0;32mI (6494) wifi:Init dynamic tx buffer num: 32[0m
[0;32mI (6494) wifi:Init static tx FG buffer num: 2[0m
[0;32mI (6504) wifi:Init static rx buffer size: 1600[0m
[0;32mI (6504) wifi:Init static rx buffer num: 10[0m
[0;32mI (6514) wifi:Init dynamic rx buffer num: 32[0m
[0;32mI (6514) wifi_init: rx ba win: 6[0m
[0;32mI (6514) wifi_init: accept mbox: 6[0m
[0;32mI (6524) wifi_init: tcpip mbox: 32[0m
[0;32mI (6524) wifi_init: udp mbox: 6[0m
[0;32mI (6524) wifi_init: tcp mbox: 6[0m
[0;32mI (6534) wifi_init: tcp tx win: 5760[0m
[0;32mI (6534) wifi_init: tcp rx win: 5760[0m
[0;32mI (6534) wifi_init: tcp mss: 1440[0m
[0;32mI (6544) wifi_init: WiFi IRAM OP enabled[0m
[0;32mI (6544) wifi_init: WiFi RX IRAM OP enabled[0m
[0;32mI (6544) phy_init: phy_version 700,8582a7fd,Feb 10 2025,20:13:11[0m
[0;32mI (6594) wifi:mode : softAP (cc:8d:a2:0c:e2:21)[0m
[0;32mI (6594) wifi:Total power save buffer number: 16[0m
[0;32mI (6594) wifi:Init max length of beacon: 752/752[0m
[0;32mI (6594) wifi:Init max length of beacon: 752/752[0m
[0;32mI (6594) HTTP: SoftAP started with SSID: onwords-0000[0m
[0;32mI (6594) esp_netif_lwip: DHCP server started on interface WIFI_AP_DEF with IP: 192.168.4.1[0m
[0;32mI (6614) HTTP: HTTP Server started at 192.168.4.1:8182[0m
[0;32mI (6614) main_task: Returned from app_main()[0m
